Java HotSpot(TM) 64-Bit Server VM (25.371-b11) for windows-amd64 JRE (1.8.0_371-b11), built on Mar 17 2023 04:03:45 by "java_re" with MS VC++ 17.1 (VS2022)
Memory: 4k page, physical 24794848k(13024916k free), swap 26367712k(9818600k free)
CommandLine flags: -XX:-BytecodeVerificationLocal -XX:-BytecodeVerificationRemote -XX:+HeapDumpOnOutOfMemoryError -XX:HeapDumpPath=heap/heapdump3.hprof -XX:InitialHeapSize=83886080 -XX:+ManagementServer -XX:MaxHeapSize=83886080 -XX:MetaspaceSize=67108864 -XX:+PrintGC -XX:+PrintGCDateStamps -XX:+PrintGCDetails -XX:+PrintGCTimeStamps -XX:SurvivorRatio=8 -XX:ThreadStackSize=512 -XX:TieredStopAtLevel=1 -XX:+UseCompressedClassPointers -XX:+UseCompressedOops -XX:-UseLargePagesIndividualAllocation -XX:+UseParallelGC 
2023-05-07T18:52:03.579+0800: 4.736: [GC (Allocation Failure) [PSYoungGen: 22016K->2544K(24576K)] 22016K->4696K(79360K), 0.0031930 secs] [Times: user=0.01 sys=0.00, real=0.00 secs] 
2023-05-07T18:52:03.718+0800: 4.876: [GC (Allocation Failure) [PSYoungGen: 24559K->2531K(24576K)] 26711K->7992K(79360K), 0.0044283 secs] [Times: user=0.02 sys=0.00, real=0.01 secs] 
2023-05-07T18:52:03.881+0800: 5.039: [GC (Allocation Failure) [PSYoungGen: 24547K->2544K(24576K)] 30008K->11259K(79360K), 0.0032530 secs] [Times: user=0.00 sys=0.00, real=0.00 secs] 
2023-05-07T18:52:04.042+0800: 5.199: [GC (Allocation Failure) [PSYoungGen: 24514K->2548K(24576K)] 33230K->14247K(79360K), 0.0032721 secs] [Times: user=0.00 sys=0.00, real=0.00 secs] 
2023-05-07T18:52:04.161+0800: 5.318: [GC (Allocation Failure) [PSYoungGen: 24564K->2548K(24576K)] 36263K->16480K(79360K), 0.0034292 secs] [Times: user=0.00 sys=0.00, real=0.00 secs] 
2023-05-07T18:52:04.337+0800: 5.495: [GC (Allocation Failure) [PSYoungGen: 24564K->2554K(24576K)] 38496K->19230K(79360K), 0.0037422 secs] [Times: user=0.00 sys=0.00, real=0.00 secs] 
2023-05-07T18:52:04.510+0800: 5.666: [GC (Allocation Failure) [PSYoungGen: 24570K->2560K(24576K)] 41246K->22145K(79360K), 0.0040986 secs] [Times: user=0.00 sys=0.00, real=0.00 secs] 
2023-05-07T18:52:04.687+0800: 5.844: [GC (Allocation Failure) [PSYoungGen: 24576K->2528K(24576K)] 44161K->25051K(79360K), 0.0032417 secs] [Times: user=0.00 sys=0.00, real=0.00 secs] 
2023-05-07T18:52:04.903+0800: 6.061: [GC (Allocation Failure) [PSYoungGen: 24544K->2528K(24576K)] 47067K->27165K(79360K), 0.0055565 secs] [Times: user=0.00 sys=0.00, real=0.01 secs] 
2023-05-07T18:52:05.116+0800: 6.274: [GC (Allocation Failure) [PSYoungGen: 24544K->2551K(24576K)] 49181K->30552K(79360K), 0.0039257 secs] [Times: user=0.00 sys=0.00, real=0.00 secs] 
2023-05-07T18:52:24.242+0800: 25.399: [GC (Allocation Failure) [PSYoungGen: 24567K->2544K(24576K)] 52568K->35349K(79360K), 0.0045998 secs] [Times: user=0.00 sys=0.00, real=0.00 secs] 
2023-05-07T18:52:24.251+0800: 25.409: [GC (Allocation Failure) [PSYoungGen: 22692K->2558K(24576K)] 55496K->51687K(79360K), 0.0111267 secs] [Times: user=0.00 sys=0.00, real=0.01 secs] 
2023-05-07T18:52:24.262+0800: 25.420: [Full GC (Ergonomics) [PSYoungGen: 2558K->0K(24576K)] [ParOldGen: 49129K->33243K(54784K)] 51687K->33243K(79360K), [Metaspace: 35815K->35814K(1083392K)], 0.1798250 secs] [Times: user=1.02 sys=0.00, real=0.18 secs] 
2023-05-07T18:52:24.447+0800: 25.604: [GC (Allocation Failure) [PSYoungGen: 22016K->2560K(24576K)] 55259K->52087K(79360K), 0.0123691 secs] [Times: user=0.03 sys=0.00, real=0.01 secs] 
2023-05-07T18:52:24.460+0800: 25.617: [Full GC (Ergonomics) [PSYoungGen: 2560K->0K(24576K)] [ParOldGen: 49527K->47993K(54784K)] 52087K->47993K(79360K), [Metaspace: 35814K->35814K(1083392K)], 0.3166004 secs] [Times: user=1.92 sys=0.00, real=0.32 secs] 
2023-05-07T18:52:24.782+0800: 25.939: [Full GC (Ergonomics) [PSYoungGen: 22016K->14846K(24576K)] [ParOldGen: 47993K->50283K(54784K)] 70009K->65130K(79360K), [Metaspace: 35814K->35814K(1083392K)], 0.2550515 secs] [Times: user=1.23 sys=0.00, real=0.25 secs] 
2023-05-07T18:52:25.038+0800: 26.196: [Full GC (Ergonomics) [PSYoungGen: 22016K->22015K(24576K)] [ParOldGen: 50283K->48364K(54784K)] 72299K->70379K(79360K), [Metaspace: 35814K->35610K(1083392K)], 0.4518839 secs] [Times: user=3.41 sys=0.00, real=0.45 secs] 
2023-05-07T18:52:25.491+0800: 26.648: [Full GC (Ergonomics) [PSYoungGen: 22016K->22015K(24576K)] [ParOldGen: 48364K->48364K(54784K)] 70380K->70379K(79360K), [Metaspace: 35610K->35610K(1083392K)], 0.4461211 secs] [Times: user=3.33 sys=0.00, real=0.45 secs] 
2023-05-07T18:52:25.940+0800: 27.097: [Full GC (Ergonomics) [PSYoungGen: 22016K->22015K(24576K)] [ParOldGen: 48364K->48364K(54784K)] 70380K->70380K(79360K), [Metaspace: 35610K->35610K(1083392K)], 0.4089491 secs] [Times: user=3.50 sys=0.00, real=0.41 secs] 
2023-05-07T18:52:26.349+0800: 27.506: [Full GC (Ergonomics) [PSYoungGen: 22016K->22015K(24576K)] [ParOldGen: 48364K->48364K(54784K)] 70380K->70380K(79360K), [Metaspace: 35610K->35610K(1083392K)], 0.4294821 secs] [Times: user=3.17 sys=0.00, real=0.43 secs] 
2023-05-07T18:52:26.779+0800: 27.936: [Full GC (Ergonomics) [PSYoungGen: 22015K->22015K(24576K)] [ParOldGen: 48364K->48364K(54784K)] 70380K->70380K(79360K), [Metaspace: 35610K->35610K(1083392K)], 0.4385129 secs] [Times: user=3.36 sys=0.00, real=0.44 secs] 
2023-05-07T18:52:27.217+0800: 28.375: [Full GC (Ergonomics) [PSYoungGen: 22015K->22015K(24576K)] [ParOldGen: 48364K->48364K(54784K)] 70380K->70380K(79360K), [Metaspace: 35610K->35610K(1083392K)], 0.4270785 secs] [Times: user=3.33 sys=0.02, real=0.43 secs] 
2023-05-07T18:52:27.644+0800: 28.802: [Full GC (Ergonomics) [PSYoungGen: 22015K->22015K(24576K)] [ParOldGen: 48366K->48366K(54784K)] 70382K->70382K(79360K), [Metaspace: 35610K->35610K(1083392K)], 0.4784121 secs] [Times: user=3.84 sys=0.00, real=0.48 secs] 
2023-05-07T18:52:28.124+0800: 29.281: [Full GC (Ergonomics) [PSYoungGen: 22015K->22015K(24576K)] [ParOldGen: 48368K->48368K(54784K)] 70384K->70384K(79360K), [Metaspace: 35610K->35610K(1083392K)], 0.4960862 secs] [Times: user=3.97 sys=0.00, real=0.50 secs] 
2023-05-07T18:52:28.620+0800: 29.777: [Full GC (Ergonomics) [PSYoungGen: 22015K->22015K(24576K)] [ParOldGen: 48370K->48370K(54784K)] 70386K->70386K(79360K), [Metaspace: 35610K->35610K(1083392K)], 0.4849047 secs] [Times: user=3.62 sys=0.00, real=0.49 secs] 
2023-05-07T18:52:29.105+0800: 30.262: [Full GC (Ergonomics) [PSYoungGen: 22015K->22015K(24576K)] [ParOldGen: 48370K->48370K(54784K)] 70386K->70386K(79360K), [Metaspace: 35610K->35610K(1083392K)], 0.4268159 secs] [Times: user=3.42 sys=0.01, real=0.43 secs] 
2023-05-07T18:52:29.532+0800: 30.689: [Full GC (Ergonomics) [PSYoungGen: 22015K->22015K(24576K)] [ParOldGen: 48372K->48372K(54784K)] 70388K->70388K(79360K), [Metaspace: 35610K->35610K(1083392K)], 0.4329574 secs] [Times: user=3.05 sys=0.00, real=0.43 secs] 
2023-05-07T18:52:29.965+0800: 31.123: [Full GC (Ergonomics) [PSYoungGen: 22015K->22015K(24576K)] [ParOldGen: 48372K->48372K(54784K)] 70388K->70388K(79360K), [Metaspace: 35610K->35610K(1083392K)], 0.4322985 secs] [Times: user=2.84 sys=0.02, real=0.43 secs] 
2023-05-07T18:52:30.399+0800: 31.555: [Full GC (Ergonomics) [PSYoungGen: 22015K->22015K(24576K)] [ParOldGen: 48374K->48373K(54784K)] 70390K->70389K(79360K), [Metaspace: 35610K->35610K(1083392K)], 0.4327060 secs] [Times: user=2.81 sys=0.00, real=0.43 secs] 
2023-05-07T18:52:30.831+0800: 31.988: [Full GC (Ergonomics) [PSYoungGen: 22015K->22015K(24576K)] [ParOldGen: 48375K->48375K(54784K)] 70391K->70391K(79360K), [Metaspace: 35610K->35610K(1083392K)], 0.4333429 secs] [Times: user=2.94 sys=0.00, real=0.43 secs] 
2023-05-07T18:52:31.265+0800: 32.422: [Full GC (Ergonomics) [PSYoungGen: 22015K->22015K(24576K)] [ParOldGen: 48377K->48377K(54784K)] 70393K->70393K(79360K), [Metaspace: 35610K->35610K(1083392K)], 0.4354119 secs] [Times: user=3.26 sys=0.00, real=0.43 secs] 
2023-05-07T18:52:31.700+0800: 32.858: [Full GC (Ergonomics) [PSYoungGen: 22015K->22015K(24576K)] [ParOldGen: 48379K->48379K(54784K)] 70395K->70395K(79360K), [Metaspace: 35610K->35610K(1083392K)], 0.4308200 secs] [Times: user=3.30 sys=0.00, real=0.43 secs] 
2023-05-07T18:52:32.132+0800: 33.289: [Full GC (Ergonomics) [PSYoungGen: 22015K->22015K(24576K)] [ParOldGen: 48381K->48381K(54784K)] 70397K->70397K(79360K), [Metaspace: 35610K->35610K(1083392K)], 0.4345960 secs] [Times: user=3.25 sys=0.00, real=0.43 secs] 
2023-05-07T18:52:32.566+0800: 33.723: [Full GC (Ergonomics) [PSYoungGen: 22015K->22015K(24576K)] [ParOldGen: 48383K->48383K(54784K)] 70399K->70399K(79360K), [Metaspace: 35610K->35610K(1083392K)], 0.4666541 secs] [Times: user=3.50 sys=0.00, real=0.47 secs] 
2023-05-07T18:52:33.033+0800: 34.190: [Full GC (Ergonomics) [PSYoungGen: 22015K->22015K(24576K)] [ParOldGen: 48385K->48385K(54784K)] 70401K->70401K(79360K), [Metaspace: 35610K->35610K(1083392K)], 0.4969115 secs] [Times: user=3.86 sys=0.00, real=0.50 secs] 
2023-05-07T18:52:33.530+0800: 34.688: [Full GC (Ergonomics) [PSYoungGen: 22015K->22015K(24576K)] [ParOldGen: 48387K->48387K(54784K)] 70403K->70403K(79360K), [Metaspace: 35610K->35610K(1083392K)], 0.4870862 secs] [Times: user=3.69 sys=0.00, real=0.49 secs] 
2023-05-07T18:52:34.019+0800: 35.176: [Full GC (Ergonomics) [PSYoungGen: 22015K->22015K(24576K)] [ParOldGen: 48389K->48389K(54784K)] 70405K->70405K(79360K), [Metaspace: 35610K->35610K(1083392K)], 0.4335118 secs] [Times: user=3.00 sys=0.00, real=0.43 secs] 
2023-05-07T18:52:34.453+0800: 35.610: [Full GC (Ergonomics) [PSYoungGen: 22015K->22015K(24576K)] [ParOldGen: 48391K->48391K(54784K)] 70407K->70407K(79360K), [Metaspace: 35610K->35610K(1083392K)], 0.4284648 secs] [Times: user=3.19 sys=0.00, real=0.43 secs] 
2023-05-07T18:52:34.882+0800: 36.039: [Full GC (Ergonomics) [PSYoungGen: 22015K->22015K(24576K)] [ParOldGen: 48393K->48393K(54784K)] 70409K->70409K(79360K), [Metaspace: 35610K->35610K(1083392K)], 0.4564763 secs] [Times: user=3.48 sys=0.01, real=0.45 secs] 
2023-05-07T18:52:35.339+0800: 36.495: [Full GC (Ergonomics) [PSYoungGen: 22015K->22015K(24576K)] [ParOldGen: 48395K->48377K(54784K)] 70411K->70393K(79360K), [Metaspace: 35610K->35610K(1083392K)], 0.5160391 secs] [Times: user=3.81 sys=0.02, real=0.52 secs] 
2023-05-07T18:52:35.855+0800: 37.012: [Full GC (Ergonomics) [PSYoungGen: 22015K->22015K(24576K)] [ParOldGen: 48379K->48379K(54784K)] 70395K->70395K(79360K), [Metaspace: 35610K->35610K(1083392K)], 0.4944380 secs] [Times: user=3.50 sys=0.00, real=0.49 secs] 
2023-05-07T18:52:36.352+0800: 37.509: [Full GC (Ergonomics) [PSYoungGen: 22015K->22015K(24576K)] [ParOldGen: 48381K->48381K(54784K)] 70397K->70397K(79360K), [Metaspace: 35610K->35610K(1083392K)], 0.4908770 secs] [Times: user=3.56 sys=0.00, real=0.49 secs] 
2023-05-07T18:52:36.843+0800: 38.000: [Full GC (Ergonomics) [PSYoungGen: 22015K->22015K(24576K)] [ParOldGen: 48383K->48383K(54784K)] 70399K->70399K(79360K), [Metaspace: 35610K->35610K(1083392K)], 0.4948119 secs] [Times: user=3.92 sys=0.00, real=0.50 secs] 
2023-05-07T18:52:37.338+0800: 38.495: [Full GC (Ergonomics) [PSYoungGen: 22015K->22015K(24576K)] [ParOldGen: 48385K->48385K(54784K)] 70401K->70401K(79360K), [Metaspace: 35610K->35610K(1083392K)], 0.4897833 secs] [Times: user=3.92 sys=0.03, real=0.49 secs] 
2023-05-07T18:52:37.828+0800: 38.985: [Full GC (Ergonomics) [PSYoungGen: 22015K->22015K(24576K)] [ParOldGen: 48387K->48387K(54784K)] 70403K->70403K(79360K), [Metaspace: 35610K->35610K(1083392K)], 0.4913729 secs] [Times: user=3.61 sys=0.00, real=0.49 secs] 
2023-05-07T18:52:38.320+0800: 39.477: [Full GC (Ergonomics) [PSYoungGen: 22015K->22015K(24576K)] [ParOldGen: 48389K->48389K(54784K)] 70405K->70405K(79360K), [Metaspace: 35610K->35610K(1083392K)], 0.4898146 secs] [Times: user=3.77 sys=0.00, real=0.49 secs] 
2023-05-07T18:52:38.810+0800: 39.967: [Full GC (Ergonomics) [PSYoungGen: 22015K->22015K(24576K)] [ParOldGen: 48391K->48390K(54784K)] 70407K->70406K(79360K), [Metaspace: 35610K->35610K(1083392K)], 0.4917920 secs] [Times: user=3.91 sys=0.00, real=0.49 secs] 
2023-05-07T18:52:39.302+0800: 40.459: [Full GC (Ergonomics) [PSYoungGen: 22015K->22015K(24576K)] [ParOldGen: 48392K->48392K(54784K)] 70408K->70408K(79360K), [Metaspace: 35610K->35610K(1083392K)], 0.4965514 secs] [Times: user=3.70 sys=0.00, real=0.50 secs] 
2023-05-07T18:52:39.799+0800: 40.956: [Full GC (Ergonomics) [PSYoungGen: 22015K->22015K(24576K)] [ParOldGen: 48394K->48394K(54784K)] 70410K->70410K(79360K), [Metaspace: 35610K->35610K(1083392K)], 0.4968455 secs] [Times: user=3.94 sys=0.02, real=0.50 secs] 
2023-05-07T18:52:40.296+0800: 41.453: [Full GC (Ergonomics) [PSYoungGen: 22015K->22015K(24576K)] [ParOldGen: 48396K->48396K(54784K)] 70412K->70412K(79360K), [Metaspace: 35610K->35610K(1083392K)], 0.4901586 secs] [Times: user=3.53 sys=0.00, real=0.49 secs] 
2023-05-07T18:52:40.786+0800: 41.944: [Full GC (Ergonomics) [PSYoungGen: 22015K->22015K(24576K)] [ParOldGen: 48398K->48398K(54784K)] 70414K->70414K(79360K), [Metaspace: 35610K->35610K(1083392K)], 0.4875413 secs] [Times: user=3.81 sys=0.00, real=0.49 secs] 
2023-05-07T18:52:41.275+0800: 42.431: [Full GC (Ergonomics) [PSYoungGen: 22015K->22015K(24576K)] [ParOldGen: 48400K->48400K(54784K)] 70416K->70416K(79360K), [Metaspace: 35610K->35610K(1083392K)], 0.4652743 secs] [Times: user=3.31 sys=0.00, real=0.46 secs] 
2023-05-07T18:52:41.740+0800: 42.897: [Full GC (Ergonomics) [PSYoungGen: 22015K->22015K(24576K)] [ParOldGen: 48402K->48402K(54784K)] 70418K->70418K(79360K), [Metaspace: 35610K->35610K(1083392K)], 0.4338258 secs] [Times: user=3.28 sys=0.00, real=0.43 secs] 
2023-05-07T18:52:42.173+0800: 43.331: [Full GC (Ergonomics) [PSYoungGen: 22015K->22015K(24576K)] [ParOldGen: 48404K->48404K(54784K)] 70420K->70420K(79360K), [Metaspace: 35610K->35610K(1083392K)], 0.4332570 secs] [Times: user=3.03 sys=0.02, real=0.43 secs] 
2023-05-07T18:52:42.607+0800: 43.765: [Full GC (Ergonomics) [PSYoungGen: 22015K->22015K(24576K)] [ParOldGen: 48406K->48406K(54784K)] 70422K->70422K(79360K), [Metaspace: 35610K->35610K(1083392K)], 0.4730173 secs] [Times: user=3.72 sys=0.00, real=0.47 secs] 
2023-05-07T18:52:43.080+0800: 44.238: [Full GC (Ergonomics) [PSYoungGen: 22015K->22015K(24576K)] [ParOldGen: 48408K->48408K(54784K)] 70424K->70424K(79360K), [Metaspace: 35610K->35610K(1083392K)], 0.4955284 secs] [Times: user=3.69 sys=0.00, real=0.50 secs] 
2023-05-07T18:52:43.576+0800: 44.734: [Full GC (Ergonomics) [PSYoungGen: 22016K->22015K(24576K)] [ParOldGen: 48408K->48408K(54784K)] 70424K->70424K(79360K), [Metaspace: 35610K->35610K(1083392K)], 0.4908592 secs] [Times: user=3.95 sys=0.00, real=0.49 secs] 
2023-05-07T18:52:44.068+0800: 45.225: [Full GC (Ergonomics) [PSYoungGen: 22016K->22016K(24576K)] [ParOldGen: 48410K->48410K(54784K)] 70426K->70426K(79360K), [Metaspace: 35610K->35610K(1083392K)], 0.4956523 secs] [Times: user=3.66 sys=0.00, real=0.50 secs] 
2023-05-07T18:52:44.564+0800: 45.721: [Full GC (Ergonomics) [PSYoungGen: 22016K->22016K(24576K)] [ParOldGen: 48412K->48412K(54784K)] 70428K->70428K(79360K), [Metaspace: 35610K->35610K(1083392K)], 0.4802220 secs] [Times: user=3.55 sys=0.01, real=0.48 secs] 
2023-05-07T18:52:45.045+0800: 46.201: [Full GC (Ergonomics) [PSYoungGen: 22016K->22016K(24576K)] [ParOldGen: 48414K->48414K(54784K)] 70430K->70430K(79360K), [Metaspace: 35610K->35610K(1083392K)], 0.4917972 secs] [Times: user=3.73 sys=0.00, real=0.49 secs] 
2023-05-07T18:52:45.536+0800: 46.693: [Full GC (Ergonomics) [PSYoungGen: 22016K->22016K(24576K)] [ParOldGen: 48416K->48416K(54784K)] 70432K->70432K(79360K), [Metaspace: 35610K->35610K(1083392K)], 0.4914226 secs] [Times: user=3.73 sys=0.00, real=0.49 secs] 
2023-05-07T18:52:46.028+0800: 47.185: [Full GC (Ergonomics) [PSYoungGen: 22016K->22016K(24576K)] [ParOldGen: 48418K->48418K(54784K)] 70434K->70434K(79360K), [Metaspace: 35610K->35610K(1083392K)], 0.5005320 secs] [Times: user=4.19 sys=0.02, real=0.50 secs] 
2023-05-07T18:52:46.529+0800: 47.686: [Full GC (Ergonomics) [PSYoungGen: 22016K->22016K(24576K)] [ParOldGen: 48420K->48420K(54784K)] 70436K->70436K(79360K), [Metaspace: 35610K->35610K(1083392K)], 0.4943797 secs] [Times: user=4.14 sys=0.00, real=0.49 secs] 
2023-05-07T18:52:47.024+0800: 48.181: [Full GC (Ergonomics) [PSYoungGen: 22016K->22016K(24576K)] [ParOldGen: 48422K->48422K(54784K)] 70438K->70438K(79360K), [Metaspace: 35610K->35610K(1083392K)], 0.4896175 secs] [Times: user=3.72 sys=0.00, real=0.49 secs] 
2023-05-07T18:52:47.513+0800: 48.671: [Full GC (Ergonomics) [PSYoungGen: 22016K->22016K(24576K)] [ParOldGen: 48423K->48423K(54784K)] 70439K->70439K(79360K), [Metaspace: 35610K->35610K(1083392K)], 0.4954802 secs] [Times: user=3.89 sys=0.00, real=0.50 secs] 
2023-05-07T18:52:48.009+0800: 49.166: [Full GC (Ergonomics) [PSYoungGen: 22016K->22016K(24576K)] [ParOldGen: 48425K->48425K(54784K)] 70441K->70441K(79360K), [Metaspace: 35610K->35610K(1083392K)], 0.4875911 secs] [Times: user=3.91 sys=0.01, real=0.49 secs] 
2023-05-07T18:52:48.497+0800: 49.654: [Full GC (Ergonomics) [PSYoungGen: 22016K->22016K(24576K)] [ParOldGen: 48427K->48427K(54784K)] 70443K->70443K(79360K), [Metaspace: 35610K->35610K(1083392K)], 0.4882027 secs] [Times: user=3.86 sys=0.00, real=0.49 secs] 
2023-05-07T18:52:48.986+0800: 50.143: [Full GC (Ergonomics) [PSYoungGen: 22016K->22016K(24576K)] [ParOldGen: 48429K->48429K(54784K)] 70445K->70445K(79360K), [Metaspace: 35610K->35610K(1083392K)], 0.4895780 secs] [Times: user=4.00 sys=0.00, real=0.49 secs] 
2023-05-07T18:52:49.476+0800: 50.633: [Full GC (Ergonomics) [PSYoungGen: 22016K->22016K(24576K)] [ParOldGen: 48431K->48431K(54784K)] 70447K->70447K(79360K), [Metaspace: 35610K->35610K(1083392K)], 0.4893836 secs] [Times: user=3.67 sys=0.02, real=0.49 secs] 
2023-05-07T18:52:49.966+0800: 51.123: [Full GC (Ergonomics) [PSYoungGen: 22016K->22016K(24576K)] [ParOldGen: 48433K->48433K(54784K)] 70449K->70449K(79360K), [Metaspace: 35610K->35610K(1083392K)], 0.4869059 secs] [Times: user=3.95 sys=0.02, real=0.49 secs] 
2023-05-07T18:52:50.453+0800: 51.610: [Full GC (Ergonomics) [PSYoungGen: 22016K->22016K(24576K)] [ParOldGen: 48435K->48435K(54784K)] 70451K->70451K(79360K), [Metaspace: 35610K->35610K(1083392K)], 0.4993441 secs] [Times: user=4.09 sys=0.00, real=0.50 secs] 
2023-05-07T18:52:50.955+0800: 52.112: [Full GC (Ergonomics) [PSYoungGen: 22016K->22016K(24576K)] [ParOldGen: 48437K->48437K(54784K)] 70453K->70453K(79360K), [Metaspace: 35610K->35610K(1083392K)], 0.4918628 secs] [Times: user=3.86 sys=0.00, real=0.49 secs] 
2023-05-07T18:52:51.446+0800: 52.604: [Full GC (Ergonomics) [PSYoungGen: 22016K->22016K(24576K)] [ParOldGen: 48439K->48439K(54784K)] 70455K->70455K(79360K), [Metaspace: 35610K->35610K(1083392K)], 0.4940251 secs] [Times: user=3.81 sys=0.00, real=0.49 secs] 
2023-05-07T18:52:51.941+0800: 53.098: [Full GC (Ergonomics) [PSYoungGen: 22016K->22016K(24576K)] [ParOldGen: 48441K->48441K(54784K)] 70457K->70457K(79360K), [Metaspace: 35610K->35610K(1083392K)], 0.4971570 secs] [Times: user=4.12 sys=0.00, real=0.50 secs] 
2023-05-07T18:52:52.439+0800: 53.596: [Full GC (Ergonomics) [PSYoungGen: 22016K->22016K(24576K)] [ParOldGen: 48443K->48442K(54784K)] 70459K->70458K(79360K), [Metaspace: 35610K->35610K(1083392K)], 0.5025247 secs] [Times: user=4.11 sys=0.00, real=0.50 secs] 
2023-05-07T18:52:52.942+0800: 54.099: [Full GC (Ergonomics) [PSYoungGen: 22016K->22016K(24576K)] [ParOldGen: 48444K->48444K(54784K)] 70460K->70460K(79360K), [Metaspace: 35610K->35610K(1083392K)], 0.4934366 secs] [Times: user=3.78 sys=0.02, real=0.49 secs] 
2023-05-07T18:52:53.436+0800: 54.592: [Full GC (Ergonomics) [PSYoungGen: 22016K->22016K(24576K)] [ParOldGen: 48446K->48446K(54784K)] 70462K->70462K(79360K), [Metaspace: 35610K->35610K(1083392K)], 0.4920869 secs] [Times: user=3.69 sys=0.00, real=0.49 secs] 
2023-05-07T18:52:53.928+0800: 55.085: [Full GC (Ergonomics) [PSYoungGen: 22016K->22016K(24576K)] [ParOldGen: 48448K->48448K(54784K)] 70464K->70464K(79360K), [Metaspace: 35610K->35610K(1083392K)], 0.4936168 secs] [Times: user=3.89 sys=0.00, real=0.49 secs] 
2023-05-07T18:52:54.421+0800: 55.579: [Full GC (Ergonomics) [PSYoungGen: 22016K->22016K(24576K)] [ParOldGen: 48450K->48450K(54784K)] 70466K->70466K(79360K), [Metaspace: 35610K->35610K(1083392K)], 0.4916969 secs] [Times: user=3.86 sys=0.00, real=0.49 secs] 
2023-05-07T18:52:54.913+0800: 56.071: [Full GC (Ergonomics) [PSYoungGen: 22016K->22016K(24576K)] [ParOldGen: 48452K->48451K(54784K)] 70468K->70467K(79360K), [Metaspace: 35610K->35610K(1083392K)], 0.4972669 secs] [Times: user=4.05 sys=0.00, real=0.50 secs] 
2023-05-07T18:52:55.411+0800: 56.568: [Full GC (Ergonomics) [PSYoungGen: 22016K->22016K(24576K)] [ParOldGen: 48453K->48453K(54784K)] 70469K->70469K(79360K), [Metaspace: 35610K->35610K(1083392K)], 0.4894424 secs] [Times: user=4.05 sys=0.00, real=0.49 secs] 
2023-05-07T18:52:55.901+0800: 57.058: [Full GC (Ergonomics) [PSYoungGen: 22016K->22016K(24576K)] [ParOldGen: 48455K->48455K(54784K)] 70471K->70471K(79360K), [Metaspace: 35610K->35610K(1083392K)], 0.4940620 secs] [Times: user=3.86 sys=0.00, real=0.49 secs] 
2023-05-07T18:52:56.395+0800: 57.552: [Full GC (Ergonomics) [PSYoungGen: 22016K->22016K(24576K)] [ParOldGen: 48457K->48457K(54784K)] 70473K->70473K(79360K), [Metaspace: 35610K->35610K(1083392K)], 0.4982781 secs] [Times: user=3.81 sys=0.00, real=0.50 secs] 
2023-05-07T18:52:56.894+0800: 58.051: [Full GC (Ergonomics) [PSYoungGen: 22016K->22016K(24576K)] [ParOldGen: 48459K->48459K(54784K)] 70475K->70475K(79360K), [Metaspace: 35610K->35610K(1083392K)], 0.4916908 secs] [Times: user=3.61 sys=0.00, real=0.49 secs] 
2023-05-07T18:52:57.386+0800: 58.543: [Full GC (Ergonomics) [PSYoungGen: 22016K->22016K(24576K)] [ParOldGen: 48461K->48461K(54784K)] 70477K->70477K(79360K), [Metaspace: 35610K->35610K(1083392K)], 0.4921086 secs] [Times: user=3.97 sys=0.00, real=0.49 secs] 
2023-05-07T18:52:57.878+0800: 59.035: [Full GC (Ergonomics) [PSYoungGen: 22016K->22016K(24576K)] [ParOldGen: 48463K->48463K(54784K)] 70479K->70479K(79360K), [Metaspace: 35610K->35610K(1083392K)], 0.4620191 secs] [Times: user=3.73 sys=0.00, real=0.46 secs] 
2023-05-07T18:52:58.341+0800: 59.498: [Full GC (Ergonomics) [PSYoungGen: 22016K->22016K(24576K)] [ParOldGen: 48465K->48465K(54784K)] 70481K->70481K(79360K), [Metaspace: 35610K->35610K(1083392K)], 0.4348678 secs] [Times: user=3.45 sys=0.02, real=0.43 secs] 
2023-05-07T18:52:58.778+0800: 59.935: [Full GC (Ergonomics) [PSYoungGen: 22016K->22016K(24576K)] [ParOldGen: 48467K->48467K(54784K)] 70483K->70483K(79360K), [Metaspace: 35610K->35610K(1083392K)], 0.4289932 secs] [Times: user=3.39 sys=0.00, real=0.43 secs] 
2023-05-07T18:52:59.207+0800: 60.365: [Full GC (Ergonomics) [PSYoungGen: 22016K->22016K(24576K)] [ParOldGen: 48469K->48469K(54784K)] 70485K->70485K(79360K), [Metaspace: 35610K->35610K(1083392K)], 0.4817149 secs] [Times: user=3.99 sys=0.00, real=0.48 secs] 
2023-05-07T18:52:59.690+0800: 60.846: [Full GC (Ergonomics) [PSYoungGen: 22016K->22016K(24576K)] [ParOldGen: 48471K->48471K(54784K)] 70487K->70487K(79360K), [Metaspace: 35610K->35610K(1083392K)], 0.4989717 secs] [Times: user=4.64 sys=0.02, real=0.50 secs] 
2023-05-07T18:53:00.188+0800: 61.346: [Full GC (Ergonomics) [PSYoungGen: 22016K->22016K(24576K)] [ParOldGen: 48473K->48473K(54784K)] 70489K->70489K(79360K), [Metaspace: 35610K->35610K(1083392K)], 0.4816356 secs] [Times: user=3.91 sys=0.01, real=0.48 secs] 
2023-05-07T18:53:00.671+0800: 61.828: [Full GC (Ergonomics) [PSYoungGen: 22016K->22015K(24576K)] [ParOldGen: 48475K->48475K(54784K)] 70491K->70491K(79360K), [Metaspace: 35610K->35610K(1083392K)], 0.4394857 secs] [Times: user=3.30 sys=0.00, real=0.44 secs] 
2023-05-07T18:53:01.110+0800: 62.267: [Full GC (Ergonomics) [PSYoungGen: 22015K->22015K(24576K)] [ParOldGen: 48477K->48477K(54784K)] 70493K->70493K(79360K), [Metaspace: 35610K->35610K(1083392K)], 0.4414706 secs] [Times: user=3.70 sys=0.00, real=0.44 secs] 
2023-05-07T18:53:01.552+0800: 62.709: [Full GC (Ergonomics) [PSYoungGen: 22015K->22015K(24576K)] [ParOldGen: 48479K->48479K(54784K)] 70495K->70495K(79360K), [Metaspace: 35610K->35610K(1083392K)], 0.4351957 secs] [Times: user=3.64 sys=0.02, real=0.43 secs] 
2023-05-07T18:53:01.987+0800: 63.145: [Full GC (Ergonomics) [PSYoungGen: 22015K->22015K(24576K)] [ParOldGen: 48481K->48481K(54784K)] 70497K->70497K(79360K), [Metaspace: 35610K->35610K(1083392K)], 0.4298047 secs] [Times: user=3.27 sys=0.00, real=0.43 secs] 
2023-05-07T18:53:02.417+0800: 63.575: [Full GC (Ergonomics) [PSYoungGen: 22015K->22015K(24576K)] [ParOldGen: 48483K->48483K(54784K)] 70499K->70499K(79360K), [Metaspace: 35610K->35610K(1083392K)], 0.4372104 secs] [Times: user=3.42 sys=0.00, real=0.44 secs] 
2023-05-07T18:53:02.855+0800: 64.012: [Full GC (Ergonomics) [PSYoungGen: 22015K->22015K(24576K)] [ParOldGen: 48485K->48485K(54784K)] 70501K->70501K(79360K), [Metaspace: 35610K->35610K(1083392K)], 0.4865531 secs] [Times: user=3.75 sys=0.01, real=0.49 secs] 
2023-05-07T18:53:03.342+0800: 64.499: [Full GC (Ergonomics) [PSYoungGen: 22015K->22015K(24576K)] [ParOldGen: 48487K->48487K(54784K)] 70503K->70503K(79360K), [Metaspace: 35610K->35610K(1083392K)], 0.4951663 secs] [Times: user=4.06 sys=0.00, real=0.49 secs] 
2023-05-07T18:53:03.838+0800: 64.994: [Full GC (Ergonomics) [PSYoungGen: 22015K->22015K(24576K)] [ParOldGen: 48489K->48488K(54784K)] 70505K->70504K(79360K), [Metaspace: 35610K->35610K(1083392K)], 0.4899750 secs] [Times: user=3.88 sys=0.00, real=0.49 secs] 
2023-05-07T18:53:04.327+0800: 65.485: [Full GC (Ergonomics) [PSYoungGen: 22016K->22016K(24576K)] [ParOldGen: 48490K->48490K(54784K)] 70506K->70506K(79360K), [Metaspace: 35610K->35610K(1083392K)], 0.4918145 secs] [Times: user=3.89 sys=0.02, real=0.49 secs] 
2023-05-07T18:53:04.820+0800: 65.977: [Full GC (Ergonomics) [PSYoungGen: 22016K->22015K(24576K)] [ParOldGen: 48492K->48492K(54784K)] 70508K->70508K(79360K), [Metaspace: 35610K->35610K(1083392K)], 0.4938483 secs] [Times: user=3.78 sys=0.00, real=0.49 secs] 
2023-05-07T18:53:05.313+0800: 66.471: [Full GC (Ergonomics) [PSYoungGen: 22016K->22015K(24576K)] [ParOldGen: 48494K->48494K(54784K)] 70510K->70510K(79360K), [Metaspace: 35610K->35610K(1083392K)], 0.4952324 secs] [Times: user=3.92 sys=0.00, real=0.50 secs] 
2023-05-07T18:53:05.810+0800: 66.967: [Full GC (Ergonomics) [PSYoungGen: 22016K->22016K(24576K)] [ParOldGen: 48496K->48496K(54784K)] 70512K->70512K(79360K), [Metaspace: 35610K->35610K(1083392K)], 0.4989106 secs] [Times: user=4.14 sys=0.00, real=0.50 secs] 
2023-05-07T18:53:06.309+0800: 67.466: [Full GC (Ergonomics) [PSYoungGen: 22016K->22015K(24576K)] [ParOldGen: 48498K->48497K(54784K)] 70514K->70513K(79360K), [Metaspace: 35610K->35610K(1083392K)], 0.4928539 secs] [Times: user=3.81 sys=0.05, real=0.49 secs] 
2023-05-07T18:53:06.802+0800: 67.959: [Full GC (Ergonomics) [PSYoungGen: 22015K->22015K(24576K)] [ParOldGen: 48499K->48499K(54784K)] 70515K->70515K(79360K), [Metaspace: 35610K->35610K(1083392K)], 0.4960638 secs] [Times: user=3.69 sys=0.02, real=0.50 secs] 
2023-05-07T18:53:07.298+0800: 68.456: [Full GC (Ergonomics) [PSYoungGen: 22015K->22015K(24576K)] [ParOldGen: 48499K->48499K(54784K)] 70515K->70515K(79360K), [Metaspace: 35610K->35610K(1083392K)], 0.4927208 secs] [Times: user=3.70 sys=0.00, real=0.49 secs] 
2023-05-07T18:53:07.792+0800: 68.949: [Full GC (Ergonomics) [PSYoungGen: 22015K->22015K(24576K)] [ParOldGen: 48501K->48500K(54784K)] 70517K->70516K(79360K), [Metaspace: 35610K->35610K(1083392K)], 0.4920858 secs] [Times: user=4.02 sys=0.00, real=0.49 secs] 
2023-05-07T18:53:08.284+0800: 69.441: [Full GC (Ergonomics) [PSYoungGen: 22015K->22015K(24576K)] [ParOldGen: 48502K->48502K(54784K)] 70518K->70518K(79360K), [Metaspace: 35610K->35610K(1083392K)], 0.5016400 secs] [Times: user=3.92 sys=0.00, real=0.50 secs] 
2023-05-07T18:53:08.786+0800: 69.943: [Full GC (Ergonomics) [PSYoungGen: 22015K->22015K(24576K)] [ParOldGen: 48504K->48504K(54784K)] 70520K->70520K(79360K), [Metaspace: 35610K->35610K(1083392K)], 0.4981332 secs] [Times: user=4.12 sys=0.00, real=0.50 secs] 
2023-05-07T18:53:09.284+0800: 70.441: [Full GC (Ergonomics) [PSYoungGen: 22015K->22015K(24576K)] [ParOldGen: 48506K->48506K(54784K)] 70522K->70522K(79360K), [Metaspace: 35610K->35610K(1083392K)], 0.4982801 secs] [Times: user=4.02 sys=0.00, real=0.50 secs] 
2023-05-07T18:53:09.783+0800: 70.941: [Full GC (Ergonomics) [PSYoungGen: 22015K->22015K(24576K)] [ParOldGen: 48508K->48508K(54784K)] 70524K->70524K(79360K), [Metaspace: 35610K->35610K(1083392K)], 0.4938303 secs] [Times: user=3.91 sys=0.00, real=0.50 secs] 
2023-05-07T18:53:10.278+0800: 71.435: [Full GC (Ergonomics) [PSYoungGen: 22015K->22015K(24576K)] [ParOldGen: 48510K->48510K(54784K)] 70526K->70526K(79360K), [Metaspace: 35610K->35610K(1083392K)], 0.4930416 secs] [Times: user=3.70 sys=0.00, real=0.49 secs] 
2023-05-07T18:53:10.771+0800: 71.928: [Full GC (Ergonomics) [PSYoungGen: 22015K->22015K(24576K)] [ParOldGen: 48512K->48512K(54784K)] 70528K->70528K(79360K), [Metaspace: 35610K->35610K(1083392K)], 0.4899670 secs] [Times: user=3.72 sys=0.00, real=0.49 secs] 
2023-05-07T18:53:11.261+0800: 72.418: [Full GC (Ergonomics) [PSYoungGen: 22015K->22015K(24576K)] [ParOldGen: 48514K->48514K(54784K)] 70530K->70530K(79360K), [Metaspace: 35610K->35610K(1083392K)], 0.4939017 secs] [Times: user=4.00 sys=0.00, real=0.49 secs] 
2023-05-07T18:53:11.755+0800: 72.912: [Full GC (Ergonomics) [PSYoungGen: 22015K->22015K(24576K)] [ParOldGen: 48516K->48516K(54784K)] 70532K->70532K(79360K), [Metaspace: 35610K->35610K(1083392K)], 0.5007126 secs] [Times: user=3.98 sys=0.00, real=0.50 secs] 
2023-05-07T18:53:12.256+0800: 73.413: [Full GC (Ergonomics) [PSYoungGen: 22015K->22015K(24576K)] [ParOldGen: 48518K->48518K(54784K)] 70534K->70534K(79360K), [Metaspace: 35610K->35610K(1083392K)], 0.4952982 secs] [Times: user=3.89 sys=0.01, real=0.50 secs] 
2023-05-07T18:53:12.752+0800: 73.909: [Full GC (Ergonomics) [PSYoungGen: 22015K->22015K(24576K)] [ParOldGen: 48520K->48520K(54784K)] 70536K->70536K(79360K), [Metaspace: 35610K->35610K(1083392K)], 0.4956817 secs] [Times: user=3.80 sys=0.00, real=0.49 secs] 
2023-05-07T18:53:13.248+0800: 74.405: [Full GC (Ergonomics) [PSYoungGen: 22015K->22015K(24576K)] [ParOldGen: 48522K->48522K(54784K)] 70538K->70538K(79360K), [Metaspace: 35610K->35610K(1083392K)], 0.4358278 secs] [Times: user=3.31 sys=0.00, real=0.44 secs] 
2023-05-07T18:53:13.684+0800: 74.841: [Full GC (Ergonomics) [PSYoungGen: 22015K->22015K(24576K)] [ParOldGen: 48524K->48524K(54784K)] 70540K->70540K(79360K), [Metaspace: 35610K->35610K(1083392K)], 0.4353798 secs] [Times: user=3.27 sys=0.00, real=0.44 secs] 
2023-05-07T18:53:14.120+0800: 75.277: [Full GC (Ergonomics) [PSYoungGen: 22015K->22015K(24576K)] [ParOldGen: 48526K->48526K(54784K)] 70542K->70542K(79360K), [Metaspace: 35610K->35610K(1083392K)], 0.4382059 secs] [Times: user=3.61 sys=0.00, real=0.44 secs] 
2023-05-07T18:53:14.558+0800: 75.715: [Full GC (Ergonomics) [PSYoungGen: 22015K->22015K(24576K)] [ParOldGen: 48528K->48528K(54784K)] 70544K->70544K(79360K), [Metaspace: 35610K->35610K(1083392K)], 0.4954739 secs] [Times: user=3.98 sys=0.00, real=0.49 secs] 
2023-05-07T18:53:15.053+0800: 76.211: [Full GC (Ergonomics) [PSYoungGen: 22015K->22015K(24576K)] [ParOldGen: 48530K->48530K(54784K)] 70546K->70546K(79360K), [Metaspace: 35610K->35610K(1083392K)], 0.4998687 secs] [Times: user=4.02 sys=0.00, real=0.50 secs] 
2023-05-07T18:53:15.554+0800: 76.711: [Full GC (Ergonomics) [PSYoungGen: 22015K->22015K(24576K)] [ParOldGen: 48532K->48532K(54784K)] 70548K->70548K(79360K), [Metaspace: 35610K->35610K(1083392K)], 0.4857609 secs] [Times: user=3.69 sys=0.00, real=0.49 secs] 
2023-05-07T18:53:16.040+0800: 77.197: [Full GC (Ergonomics) [PSYoungGen: 22015K->22015K(24576K)] [ParOldGen: 48534K->48534K(54784K)] 70550K->70550K(79360K), [Metaspace: 35610K->35610K(1083392K)], 0.4963807 secs] [Times: user=4.08 sys=0.00, real=0.50 secs] 
2023-05-07T18:53:16.537+0800: 77.694: [Full GC (Ergonomics) [PSYoungGen: 22015K->22015K(24576K)] [ParOldGen: 48536K->48536K(54784K)] 70552K->70552K(79360K), [Metaspace: 35610K->35610K(1083392K)], 0.4942321 secs] [Times: user=3.72 sys=0.00, real=0.49 secs] 
2023-05-07T18:53:17.031+0800: 78.188: [Full GC (Ergonomics) [PSYoungGen: 22015K->22015K(24576K)] [ParOldGen: 48538K->48538K(54784K)] 70554K->70554K(79360K), [Metaspace: 35610K->35610K(1083392K)], 0.4899479 secs] [Times: user=4.11 sys=0.03, real=0.49 secs] 
2023-05-07T18:53:17.522+0800: 78.679: [Full GC (Ergonomics) [PSYoungGen: 22015K->22015K(24576K)] [ParOldGen: 48540K->48538K(54784K)] 70556K->70554K(79360K), [Metaspace: 35610K->35610K(1083392K)], 0.5362763 secs] [Times: user=3.75 sys=0.00, real=0.54 secs] 
2023-05-07T18:53:18.058+0800: 79.215: [Full GC (Ergonomics) [PSYoungGen: 22015K->22015K(24576K)] [ParOldGen: 48540K->48540K(54784K)] 70556K->70556K(79360K), [Metaspace: 35610K->35610K(1083392K)], 0.5281522 secs] [Times: user=4.31 sys=0.02, real=0.53 secs] 
2023-05-07T18:53:18.587+0800: 79.744: [Full GC (Ergonomics) [PSYoungGen: 22015K->22015K(24576K)] [ParOldGen: 48542K->48541K(54784K)] 70558K->70557K(79360K), [Metaspace: 35610K->35610K(1083392K)], 0.5174388 secs] [Times: user=4.25 sys=0.00, real=0.52 secs] 
2023-05-07T18:53:19.104+0800: 80.262: [Full GC (Ergonomics) [PSYoungGen: 22015K->22015K(24576K)] [ParOldGen: 48543K->48543K(54784K)] 70559K->70559K(79360K), [Metaspace: 35610K->35610K(1083392K)], 0.5006415 secs] [Times: user=3.88 sys=0.02, real=0.50 secs] 
2023-05-07T18:53:19.605+0800: 80.762: [Full GC (Ergonomics) [PSYoungGen: 22015K->22015K(24576K)] [ParOldGen: 48545K->48545K(54784K)] 70561K->70561K(79360K), [Metaspace: 35610K->35610K(1083392K)], 0.5050090 secs] [Times: user=4.33 sys=0.00, real=0.51 secs] 
2023-05-07T18:53:20.111+0800: 81.268: [Full GC (Ergonomics) [PSYoungGen: 22015K->22015K(24576K)] [ParOldGen: 48547K->48547K(54784K)] 70563K->70563K(79360K), [Metaspace: 35610K->35610K(1083392K)], 0.5070945 secs] [Times: user=4.52 sys=0.00, real=0.51 secs] 
2023-05-07T18:53:20.618+0800: 81.775: [Full GC (Ergonomics) [PSYoungGen: 22015K->22015K(24576K)] [ParOldGen: 48549K->48549K(54784K)] 70565K->70565K(79360K), [Metaspace: 35610K->35610K(1083392K)], 0.4669734 secs] [Times: user=3.48 sys=0.00, real=0.47 secs] 
2023-05-07T18:53:21.085+0800: 82.242: [Full GC (Ergonomics) [PSYoungGen: 22015K->22015K(24576K)] [ParOldGen: 48551K->48550K(54784K)] 70567K->70566K(79360K), [Metaspace: 35610K->35610K(1083392K)], 0.4359118 secs] [Times: user=3.33 sys=0.02, real=0.44 secs] 
2023-05-07T18:53:21.522+0800: 82.678: [Full GC (Ergonomics) [PSYoungGen: 22015K->22015K(24576K)] [ParOldGen: 48552K->48552K(54784K)] 70568K->70568K(79360K), [Metaspace: 35610K->35610K(1083392K)], 0.4369615 secs] [Times: user=3.53 sys=0.00, real=0.44 secs] 
2023-05-07T18:53:21.958+0800: 83.116: [Full GC (Ergonomics) [PSYoungGen: 22015K->22015K(24576K)] [ParOldGen: 48554K->48554K(54784K)] 70570K->70570K(79360K), [Metaspace: 35610K->35610K(1083392K)], 0.4824391 secs] [Times: user=3.72 sys=0.02, real=0.48 secs] 
2023-05-07T18:53:22.442+0800: 83.598: [Full GC (Ergonomics) [PSYoungGen: 22015K->22015K(24576K)] [ParOldGen: 48556K->48556K(54784K)] 70572K->70572K(79360K), [Metaspace: 35610K->35610K(1083392K)], 0.4999443 secs] [Times: user=4.00 sys=0.00, real=0.50 secs] 
2023-05-07T18:53:22.942+0800: 84.099: [Full GC (Ergonomics) [PSYoungGen: 22015K->22015K(24576K)] [ParOldGen: 48558K->48558K(54784K)] 70574K->70574K(79360K), [Metaspace: 35610K->35610K(1083392K)], 0.4919126 secs] [Times: user=3.86 sys=0.00, real=0.49 secs] 
2023-05-07T18:53:23.433+0800: 84.591: [Full GC (Ergonomics) [PSYoungGen: 22015K->22015K(24576K)] [ParOldGen: 48560K->48560K(54784K)] 70576K->70576K(79360K), [Metaspace: 35610K->35610K(1083392K)], 0.4948173 secs] [Times: user=4.02 sys=0.00, real=0.49 secs] 
2023-05-07T18:53:23.929+0800: 85.086: [Full GC (Ergonomics) [PSYoungGen: 22015K->22015K(24576K)] [ParOldGen: 48562K->48562K(54784K)] 70578K->70578K(79360K), [Metaspace: 35610K->35610K(1083392K)], 0.5013077 secs] [Times: user=4.08 sys=0.00, real=0.50 secs] 
2023-05-07T18:53:24.431+0800: 85.587: [Full GC (Ergonomics) [PSYoungGen: 22015K->22015K(24576K)] [ParOldGen: 48564K->48564K(54784K)] 70580K->70580K(79360K), [Metaspace: 35610K->35610K(1083392K)], 0.5037888 secs] [Times: user=4.14 sys=0.00, real=0.50 secs] 
2023-05-07T18:53:24.934+0800: 86.092: [Full GC (Ergonomics) [PSYoungGen: 22015K->22015K(24576K)] [ParOldGen: 48566K->48566K(54784K)] 70582K->70582K(79360K), [Metaspace: 35610K->35610K(1083392K)], 0.4993217 secs] [Times: user=4.03 sys=0.00, real=0.50 secs] 
2023-05-07T18:53:25.434+0800: 86.591: [Full GC (Ergonomics) [PSYoungGen: 22015K->22015K(24576K)] [ParOldGen: 48568K->48568K(54784K)] 70584K->70584K(79360K), [Metaspace: 35610K->35610K(1083392K)], 0.5043369 secs] [Times: user=3.95 sys=0.00, real=0.50 secs] 
2023-05-07T18:53:25.939+0800: 87.096: [Full GC (Ergonomics) [PSYoungGen: 22015K->22015K(24576K)] [ParOldGen: 48570K->48570K(54784K)] 70586K->70586K(79360K), [Metaspace: 35610K->35610K(1083392K)], 0.5063979 secs] [Times: user=3.78 sys=0.00, real=0.51 secs] 
2023-05-07T18:53:26.446+0800: 87.602: [Full GC (Ergonomics) [PSYoungGen: 22015K->22015K(24576K)] [ParOldGen: 48572K->48572K(54784K)] 70588K->70588K(79360K), [Metaspace: 35610K->35610K(1083392K)], 0.5058569 secs] [Times: user=3.88 sys=0.00, real=0.50 secs] 
2023-05-07T18:53:26.952+0800: 88.108: [Full GC (Ergonomics) [PSYoungGen: 22015K->22015K(24576K)] [ParOldGen: 48574K->48574K(54784K)] 70590K->70590K(79360K), [Metaspace: 35610K->35610K(1083392K)], 0.4341082 secs] [Times: user=3.42 sys=0.00, real=0.43 secs] 
2023-05-07T18:53:27.386+0800: 88.543: [Full GC (Ergonomics) [PSYoungGen: 22015K->22015K(24576K)] [ParOldGen: 48576K->48576K(54784K)] 70592K->70592K(79360K), [Metaspace: 35610K->35610K(1083392K)], 0.4235903 secs] [Times: user=3.41 sys=0.02, real=0.42 secs] 
2023-05-07T18:53:27.810+0800: 88.967: [Full GC (Ergonomics) [PSYoungGen: 22015K->22015K(24576K)] [ParOldGen: 48578K->48578K(54784K)] 70594K->70594K(79360K), [Metaspace: 35610K->35610K(1083392K)], 0.4330440 secs] [Times: user=3.30 sys=0.01, real=0.43 secs] 
2023-05-07T18:53:28.243+0800: 89.400: [Full GC (Ergonomics) [PSYoungGen: 22015K->22015K(24576K)] [ParOldGen: 48580K->48580K(54784K)] 70596K->70596K(79360K), [Metaspace: 35610K->35610K(1083392K)], 0.4302791 secs] [Times: user=3.22 sys=0.00, real=0.43 secs] 
2023-05-07T18:53:28.674+0800: 89.831: [Full GC (Ergonomics) [PSYoungGen: 22015K->22015K(24576K)] [ParOldGen: 48582K->48582K(54784K)] 70598K->70598K(79360K), [Metaspace: 35610K->35610K(1083392K)], 0.4377928 secs] [Times: user=3.27 sys=0.00, real=0.44 secs] 
2023-05-07T18:53:29.111+0800: 90.269: [Full GC (Ergonomics) [PSYoungGen: 22015K->22015K(24576K)] [ParOldGen: 48584K->48584K(54784K)] 70600K->70600K(79360K), [Metaspace: 35610K->35610K(1083392K)], 0.4377687 secs] [Times: user=2.98 sys=0.00, real=0.44 secs] 
2023-05-07T18:53:29.549+0800: 90.707: [Full GC (Ergonomics) [PSYoungGen: 22015K->22015K(24576K)] [ParOldGen: 48586K->48586K(54784K)] 70602K->70602K(79360K), [Metaspace: 35610K->35610K(1083392K)], 0.4839671 secs] [Times: user=3.59 sys=0.00, real=0.48 secs] 
2023-05-07T18:53:30.034+0800: 91.191: [Full GC (Ergonomics) [PSYoungGen: 22015K->22015K(24576K)] [ParOldGen: 48588K->48588K(54784K)] 70604K->70604K(79360K), [Metaspace: 35610K->35610K(1083392K)], 0.5029724 secs] [Times: user=3.69 sys=0.00, real=0.50 secs] 
2023-05-07T18:53:30.537+0800: 91.694: [Full GC (Ergonomics) [PSYoungGen: 22015K->22015K(24576K)] [ParOldGen: 48590K->48590K(54784K)] 70606K->70606K(79360K), [Metaspace: 35610K->35610K(1083392K)], 0.4964437 secs] [Times: user=3.89 sys=0.00, real=0.50 secs] 
2023-05-07T18:53:31.033+0800: 92.191: [Full GC (Ergonomics) [PSYoungGen: 22015K->22015K(24576K)] [ParOldGen: 48591K->48591K(54784K)] 70607K->70607K(79360K), [Metaspace: 35610K->35610K(1083392K)], 0.4986076 secs] [Times: user=3.88 sys=0.00, real=0.50 secs] 
2023-05-07T18:53:31.533+0800: 92.690: [Full GC (Ergonomics) [PSYoungGen: 22015K->22015K(24576K)] [ParOldGen: 48593K->48593K(54784K)] 70609K->70609K(79360K), [Metaspace: 35610K->35610K(1083392K)], 0.4978473 secs] [Times: user=3.83 sys=0.00, real=0.50 secs] 
2023-05-07T18:53:32.031+0800: 93.188: [Full GC (Ergonomics) [PSYoungGen: 22015K->22015K(24576K)] [ParOldGen: 48595K->48595K(54784K)] 70611K->70611K(79360K), [Metaspace: 35610K->35610K(1083392K)], 0.4984775 secs] [Times: user=4.16 sys=0.03, real=0.50 secs] 
2023-05-07T18:53:32.530+0800: 93.687: [Full GC (Ergonomics) [PSYoungGen: 22015K->22015K(24576K)] [ParOldGen: 48597K->48597K(54784K)] 70613K->70613K(79360K), [Metaspace: 35610K->35610K(1083392K)], 0.4773981 secs] [Times: user=3.70 sys=0.00, real=0.48 secs] 
2023-05-07T18:53:33.007+0800: 94.164: [Full GC (Ergonomics) [PSYoungGen: 22015K->22015K(24576K)] [ParOldGen: 48599K->48599K(54784K)] 70615K->70615K(79360K), [Metaspace: 35610K->35610K(1083392K)], 0.4706895 secs] [Times: user=4.06 sys=0.00, real=0.47 secs] 
2023-05-07T18:53:33.478+0800: 94.635: [Full GC (Ergonomics) [PSYoungGen: 22015K->22015K(24576K)] [ParOldGen: 48601K->48601K(54784K)] 70617K->70617K(79360K), [Metaspace: 35610K->35610K(1083392K)], 0.4374785 secs] [Times: user=3.41 sys=0.00, real=0.44 secs] 
2023-05-07T18:53:33.916+0800: 95.073: [Full GC (Ergonomics) [PSYoungGen: 22015K->22015K(24576K)] [ParOldGen: 48603K->48603K(54784K)] 70619K->70619K(79360K), [Metaspace: 35610K->35610K(1083392K)], 0.4404662 secs] [Times: user=3.23 sys=0.00, real=0.44 secs] 
2023-05-07T18:53:34.357+0800: 95.514: [Full GC (Ergonomics) [PSYoungGen: 22015K->22015K(24576K)] [ParOldGen: 48605K->48605K(54784K)] 70621K->70621K(79360K), [Metaspace: 35610K->35610K(1083392K)], 0.4718171 secs] [Times: user=3.91 sys=0.02, real=0.47 secs] 
2023-05-07T18:53:34.829+0800: 95.986: [Full GC (Ergonomics) [PSYoungGen: 22015K->22015K(24576K)] [ParOldGen: 48607K->48606K(54784K)] 70623K->70622K(79360K), [Metaspace: 35610K->35610K(1083392K)], 0.5018592 secs] [Times: user=3.92 sys=0.00, real=0.50 secs] 
2023-05-07T18:53:35.331+0800: 96.488: [Full GC (Ergonomics) [PSYoungGen: 22015K->22015K(24576K)] [ParOldGen: 48608K->48608K(54784K)] 70624K->70624K(79360K), [Metaspace: 35610K->35610K(1083392K)], 0.4954522 secs] [Times: user=3.78 sys=0.02, real=0.50 secs] 
2023-05-07T18:53:35.827+0800: 96.984: [Full GC (Ergonomics) [PSYoungGen: 22015K->22015K(24576K)] [ParOldGen: 48610K->48610K(54784K)] 70626K->70626K(79360K), [Metaspace: 35610K->35610K(1083392K)], 0.4276057 secs] [Times: user=3.73 sys=0.02, real=0.43 secs] 
2023-05-07T18:53:36.255+0800: 97.412: [Full GC (Ergonomics) [PSYoungGen: 22015K->22015K(24576K)] [ParOldGen: 48612K->48612K(54784K)] 70628K->70628K(79360K), [Metaspace: 35610K->35610K(1083392K)], 0.4378843 secs] [Times: user=3.53 sys=0.00, real=0.44 secs] 
2023-05-07T18:53:36.693+0800: 97.850: [Full GC (Ergonomics) [PSYoungGen: 22015K->22015K(24576K)] [ParOldGen: 48614K->48614K(54784K)] 70630K->70630K(79360K), [Metaspace: 35610K->35610K(1083392K)], 0.4375930 secs] [Times: user=3.34 sys=0.00, real=0.44 secs] 
2023-05-07T18:53:37.131+0800: 98.288: [Full GC (Ergonomics) [PSYoungGen: 22015K->22015K(24576K)] [ParOldGen: 48616K->48616K(54784K)] 70632K->70632K(79360K), [Metaspace: 35611K->35611K(1083392K)], 0.4348392 secs] [Times: user=3.42 sys=0.00, real=0.43 secs] 
2023-05-07T18:53:37.565+0800: 98.723: [Full GC (Ergonomics) [PSYoungGen: 22015K->22015K(24576K)] [ParOldGen: 48618K->48618K(54784K)] 70634K->70634K(79360K), [Metaspace: 35611K->35611K(1083392K)], 0.4471605 secs] [Times: user=3.14 sys=0.00, real=0.45 secs] 
2023-05-07T18:53:38.013+0800: 99.170: [Full GC (Ergonomics) [PSYoungGen: 22015K->22015K(24576K)] [ParOldGen: 48620K->48620K(54784K)] 70636K->70636K(79360K), [Metaspace: 35611K->35611K(1083392K)], 0.4394167 secs] [Times: user=3.25 sys=0.00, real=0.44 secs] 
2023-05-07T18:53:38.453+0800: 99.610: [Full GC (Ergonomics) [PSYoungGen: 22015K->22015K(24576K)] [ParOldGen: 48622K->48622K(54784K)] 70638K->70638K(79360K), [Metaspace: 35611K->35611K(1083392K)], 0.4385903 secs] [Times: user=3.33 sys=0.00, real=0.44 secs] 
2023-05-07T18:53:38.892+0800: 100.049: [Full GC (Ergonomics) [PSYoungGen: 22015K->22015K(24576K)] [ParOldGen: 48624K->48624K(54784K)] 70640K->70640K(79360K), [Metaspace: 35612K->35612K(1083392K)], 0.4397562 secs] [Times: user=3.31 sys=0.00, real=0.44 secs] 
2023-05-07T18:53:39.332+0800: 100.489: [Full GC (Ergonomics) [PSYoungGen: 22015K->22015K(24576K)] [ParOldGen: 48626K->48626K(54784K)] 70642K->70642K(79360K), [Metaspace: 35612K->35612K(1083392K)], 0.4396569 secs] [Times: user=3.31 sys=0.00, real=0.44 secs] 
2023-05-07T18:53:39.771+0800: 100.929: [Full GC (Ergonomics) [PSYoungGen: 22015K->22015K(24576K)] [ParOldGen: 48628K->48628K(54784K)] 70644K->70644K(79360K), [Metaspace: 35612K->35612K(1083392K)], 0.4369602 secs] [Times: user=3.69 sys=0.00, real=0.44 secs] 
2023-05-07T18:53:40.209+0800: 101.366: [Full GC (Ergonomics) [PSYoungGen: 22015K->22015K(24576K)] [ParOldGen: 48630K->48630K(54784K)] 70646K->70646K(79360K), [Metaspace: 35612K->35612K(1083392K)], 0.4358225 secs] [Times: user=3.39 sys=0.00, real=0.44 secs] 
2023-05-07T18:53:40.645+0800: 101.802: [Full GC (Ergonomics) [PSYoungGen: 22015K->22015K(24576K)] [ParOldGen: 48632K->48631K(54784K)] 70648K->70647K(79360K), [Metaspace: 35612K->35612K(1083392K)], 0.5105373 secs] [Times: user=3.95 sys=0.00, real=0.51 secs] 
2023-05-07T18:53:41.156+0800: 102.313: [Full GC (Ergonomics) [PSYoungGen: 22015K->22015K(24576K)] [ParOldGen: 48633K->48633K(54784K)] 70649K->70649K(79360K), [Metaspace: 35612K->35612K(1083392K)], 0.5023644 secs] [Times: user=3.95 sys=0.00, real=0.50 secs] 
2023-05-07T18:53:41.658+0800: 102.815: [Full GC (Ergonomics) [PSYoungGen: 22015K->22015K(24576K)] [ParOldGen: 48635K->48635K(54784K)] 70651K->70651K(79360K), [Metaspace: 35612K->35612K(1083392K)], 0.4972829 secs] [Times: user=4.03 sys=0.00, real=0.50 secs] 
2023-05-07T18:53:42.156+0800: 103.313: [Full GC (Ergonomics) [PSYoungGen: 22015K->22015K(24576K)] [ParOldGen: 48637K->48637K(54784K)] 70653K->70653K(79360K), [Metaspace: 35612K->35612K(1083392K)], 0.4984910 secs] [Times: user=3.86 sys=0.00, real=0.50 secs] 
2023-05-07T18:53:42.654+0800: 103.812: [Full GC (Ergonomics) [PSYoungGen: 22015K->22015K(24576K)] [ParOldGen: 48639K->48639K(54784K)] 70655K->70655K(79360K), [Metaspace: 35612K->35612K(1083392K)], 0.5130447 secs] [Times: user=4.14 sys=0.00, real=0.51 secs] 
2023-05-07T18:53:43.168+0800: 104.325: [Full GC (Ergonomics) [PSYoungGen: 22015K->22015K(24576K)] [ParOldGen: 48641K->48641K(54784K)] 70657K->70657K(79360K), [Metaspace: 35612K->35612K(1083392K)], 0.4971648 secs] [Times: user=3.99 sys=0.00, real=0.50 secs] 
2023-05-07T18:53:43.665+0800: 104.822: [Full GC (Ergonomics) [PSYoungGen: 22015K->22015K(24576K)] [ParOldGen: 48643K->48643K(54784K)] 70659K->70659K(79360K), [Metaspace: 35612K->35612K(1083392K)], 0.4975932 secs] [Times: user=4.01 sys=0.00, real=0.50 secs] 
2023-05-07T18:53:44.163+0800: 105.320: [Full GC (Ergonomics) [PSYoungGen: 22015K->22015K(24576K)] [ParOldGen: 48645K->48644K(54784K)] 70661K->70660K(79360K), [Metaspace: 35612K->35612K(1083392K)], 0.4924609 secs] [Times: user=3.75 sys=0.00, real=0.49 secs] 
2023-05-07T18:53:44.656+0800: 105.813: [Full GC (Ergonomics) [PSYoungGen: 22015K->22015K(24576K)] [ParOldGen: 48646K->48646K(54784K)] 70662K->70662K(79360K), [Metaspace: 35612K->35612K(1083392K)], 0.4368457 secs] [Times: user=3.47 sys=0.00, real=0.44 secs] 
2023-05-07T18:53:45.093+0800: 106.250: [Full GC (Ergonomics) [PSYoungGen: 22015K->22015K(24576K)] [ParOldGen: 48648K->48648K(54784K)] 70664K->70664K(79360K), [Metaspace: 35612K->35612K(1083392K)], 0.4386777 secs] [Times: user=3.31 sys=0.00, real=0.44 secs] 
2023-05-07T18:53:45.532+0800: 106.689: [Full GC (Ergonomics) [PSYoungGen: 22015K->22015K(24576K)] [ParOldGen: 48650K->48650K(54784K)] 70666K->70666K(79360K), [Metaspace: 35612K->35612K(1083392K)], 0.4345689 secs] [Times: user=3.55 sys=0.00, real=0.43 secs] 
2023-05-07T18:53:45.966+0800: 107.124: [Full GC (Ergonomics) [PSYoungGen: 22015K->22015K(24576K)] [ParOldGen: 48652K->48652K(54784K)] 70668K->70668K(79360K), [Metaspace: 35612K->35612K(1083392K)], 0.4510101 secs] [Times: user=3.23 sys=0.00, real=0.45 secs] 
2023-05-07T18:53:46.418+0800: 107.575: [Full GC (Ergonomics) [PSYoungGen: 22015K->22015K(24576K)] [ParOldGen: 48654K->48654K(54784K)] 70670K->70670K(79360K), [Metaspace: 35612K->35612K(1083392K)], 0.4368414 secs] [Times: user=3.38 sys=0.00, real=0.44 secs] 
2023-05-07T18:53:46.854+0800: 108.012: [Full GC (Ergonomics) [PSYoungGen: 22015K->22015K(24576K)] [ParOldGen: 48656K->48656K(54784K)] 70672K->70672K(79360K), [Metaspace: 35612K->35612K(1083392K)], 0.4321143 secs] [Times: user=3.33 sys=0.00, real=0.43 secs] 
2023-05-07T18:53:47.287+0800: 108.445: [Full GC (Ergonomics) [PSYoungGen: 22015K->22015K(24576K)] [ParOldGen: 48658K->48658K(54784K)] 70674K->70674K(79360K), [Metaspace: 35612K->35612K(1083392K)], 0.5097967 secs] [Times: user=3.92 sys=0.00, real=0.51 secs] 
2023-05-07T18:53:47.798+0800: 108.955: [Full GC (Ergonomics) [PSYoungGen: 22015K->22015K(24576K)] [ParOldGen: 48660K->48660K(54784K)] 70676K->70676K(79360K), [Metaspace: 35612K->35612K(1083392K)], 0.5079215 secs] [Times: user=3.77 sys=0.00, real=0.51 secs] 
2023-05-07T18:53:48.306+0800: 109.463: [Full GC (Ergonomics) [PSYoungGen: 22015K->22015K(24576K)] [ParOldGen: 48662K->48661K(54784K)] 70678K->70677K(79360K), [Metaspace: 35612K->35612K(1083392K)], 0.4987559 secs] [Times: user=3.70 sys=0.00, real=0.50 secs] 
2023-05-07T18:53:48.805+0800: 109.962: [Full GC (Ergonomics) [PSYoungGen: 22015K->22015K(24576K)] [ParOldGen: 48663K->48663K(54784K)] 70679K->70679K(79360K), [Metaspace: 35612K->35612K(1083392K)], 0.5091274 secs] [Times: user=3.99 sys=0.02, real=0.51 secs] 
2023-05-07T18:53:49.314+0800: 110.472: [Full GC (Ergonomics) [PSYoungGen: 22015K->22015K(24576K)] [ParOldGen: 48665K->48665K(54784K)] 70681K->70681K(79360K), [Metaspace: 35612K->35612K(1083392K)], 0.4989554 secs] [Times: user=3.84 sys=0.00, real=0.50 secs] 
2023-05-07T18:53:49.813+0800: 110.971: [Full GC (Ergonomics) [PSYoungGen: 22015K->22015K(24576K)] [ParOldGen: 48667K->48667K(54784K)] 70683K->70683K(79360K), [Metaspace: 35612K->35612K(1083392K)], 0.4981484 secs] [Times: user=4.76 sys=0.02, real=0.50 secs] 
2023-05-07T18:53:50.313+0800: 111.469: [Full GC (Ergonomics) [PSYoungGen: 22015K->22015K(24576K)] [ParOldGen: 48669K->48669K(54784K)] 70685K->70685K(79360K), [Metaspace: 35612K->35612K(1083392K)], 0.4953555 secs] [Times: user=3.80 sys=0.00, real=0.50 secs] 
2023-05-07T18:53:50.808+0800: 111.965: [Full GC (Ergonomics) [PSYoungGen: 22015K->22015K(24576K)] [ParOldGen: 48671K->48671K(54784K)] 70687K->70686K(79360K), [Metaspace: 35612K->35612K(1083392K)], 0.4617912 secs] [Times: user=3.34 sys=0.00, real=0.46 secs] 
2023-05-07T18:53:51.270+0800: 112.427: [Full GC (Ergonomics) [PSYoungGen: 22015K->22015K(24576K)] [ParOldGen: 48673K->48672K(54784K)] 70689K->70688K(79360K), [Metaspace: 35612K->35612K(1083392K)], 0.4358533 secs] [Times: user=3.16 sys=0.00, real=0.44 secs] 
2023-05-07T18:53:51.706+0800: 112.863: [Full GC (Ergonomics) [PSYoungGen: 22015K->22015K(24576K)] [ParOldGen: 48674K->48674K(54784K)] 70690K->70690K(79360K), [Metaspace: 35612K->35612K(1083392K)], 0.4351970 secs] [Times: user=3.59 sys=0.00, real=0.43 secs] 
2023-05-07T18:53:52.141+0800: 113.299: [Full GC (Ergonomics) [PSYoungGen: 22015K->22015K(24576K)] [ParOldGen: 48676K->48676K(54784K)] 70692K->70692K(79360K), [Metaspace: 35612K->35612K(1083392K)], 0.4372560 secs] [Times: user=3.09 sys=0.01, real=0.44 secs] 
2023-05-07T18:53:52.579+0800: 113.736: [Full GC (Ergonomics) [PSYoungGen: 22015K->22015K(24576K)] [ParOldGen: 48678K->48678K(54784K)] 70694K->70694K(79360K), [Metaspace: 35612K->35612K(1083392K)], 0.4365516 secs] [Times: user=3.61 sys=0.00, real=0.44 secs] 
2023-05-07T18:53:53.016+0800: 114.173: [Full GC (Ergonomics) [PSYoungGen: 22015K->22015K(24576K)] [ParOldGen: 48680K->48680K(54784K)] 70696K->70696K(79360K), [Metaspace: 35612K->35612K(1083392K)], 0.4338909 secs] [Times: user=3.19 sys=0.00, real=0.43 secs] 
2023-05-07T18:53:53.450+0800: 114.607: [Full GC (Ergonomics) [PSYoungGen: 22015K->22015K(24576K)] [ParOldGen: 48682K->48682K(54784K)] 70698K->70698K(79360K), [Metaspace: 35612K->35612K(1083392K)], 0.4385347 secs] [Times: user=3.49 sys=0.00, real=0.44 secs] 
2023-05-07T18:53:53.889+0800: 115.046: [Full GC (Ergonomics) [PSYoungGen: 22015K->22015K(24576K)] [ParOldGen: 48684K->48684K(54784K)] 70700K->70700K(79360K), [Metaspace: 35612K->35612K(1083392K)], 0.4343385 secs] [Times: user=3.80 sys=0.00, real=0.43 secs] 
2023-05-07T18:53:54.323+0800: 115.481: [Full GC (Ergonomics) [PSYoungGen: 22015K->22015K(24576K)] [ParOldGen: 48686K->48686K(54784K)] 70702K->70702K(79360K), [Metaspace: 35612K->35612K(1083392K)], 0.4388735 secs] [Times: user=3.27 sys=0.00, real=0.44 secs] 
2023-05-07T18:53:54.763+0800: 115.920: [Full GC (Ergonomics) [PSYoungGen: 22015K->22015K(24576K)] [ParOldGen: 48688K->48688K(54784K)] 70704K->70704K(79360K), [Metaspace: 35612K->35612K(1083392K)], 0.5080585 secs] [Times: user=4.33 sys=0.00, real=0.51 secs] 
2023-05-07T18:53:55.271+0800: 116.428: [Full GC (Ergonomics) [PSYoungGen: 22015K->22015K(24576K)] [ParOldGen: 48690K->48690K(54784K)] 70706K->70706K(79360K), [Metaspace: 35612K->35612K(1083392K)], 0.4938813 secs] [Times: user=4.08 sys=0.00, real=0.49 secs] 
2023-05-07T18:53:55.764+0800: 116.922: [Full GC (Ergonomics) [PSYoungGen: 22015K->22015K(24576K)] [ParOldGen: 48692K->48691K(54784K)] 70708K->70707K(79360K), [Metaspace: 35612K->35612K(1083392K)], 0.4973335 secs] [Times: user=4.17 sys=0.00, real=0.50 secs] 
2023-05-07T18:53:56.262+0800: 117.420: [Full GC (Ergonomics) [PSYoungGen: 22015K->22015K(24576K)] [ParOldGen: 48693K->48693K(54784K)] 70709K->70709K(79360K), [Metaspace: 35612K->35612K(1083392K)], 0.4992659 secs] [Times: user=4.00 sys=0.00, real=0.50 secs] 
2023-05-07T18:53:56.763+0800: 117.919: [Full GC (Ergonomics) [PSYoungGen: 22015K->22015K(24576K)] [ParOldGen: 48696K->48696K(54784K)] 70712K->70712K(79360K), [Metaspace: 35612K->35612K(1083392K)], 0.4935409 secs] [Times: user=3.89 sys=0.00, real=0.49 secs] 
2023-05-07T18:53:57.256+0800: 118.413: [Full GC (Ergonomics) [PSYoungGen: 22015K->22015K(24576K)] [ParOldGen: 48698K->48698K(54784K)] 70714K->70714K(79360K), [Metaspace: 35612K->35612K(1083392K)], 0.4603227 secs] [Times: user=3.72 sys=0.00, real=0.46 secs] 
2023-05-07T18:53:57.717+0800: 118.874: [Full GC (Ergonomics) [PSYoungGen: 22015K->22015K(24576K)] [ParOldGen: 48700K->48699K(54784K)] 70716K->70715K(79360K), [Metaspace: 35612K->35612K(1083392K)], 0.4352745 secs] [Times: user=3.51 sys=0.02, real=0.43 secs] 
2023-05-07T18:53:58.152+0800: 119.309: [Full GC (Ergonomics) [PSYoungGen: 22015K->22015K(24576K)] [ParOldGen: 48701K->48701K(54784K)] 70717K->70717K(79360K), [Metaspace: 35612K->35612K(1083392K)], 0.4363337 secs] [Times: user=3.56 sys=0.00, real=0.44 secs] 
2023-05-07T18:53:58.589+0800: 119.746: [Full GC (Ergonomics) [PSYoungGen: 22015K->22015K(24576K)] [ParOldGen: 48704K->48704K(54784K)] 70720K->70720K(79360K), [Metaspace: 35612K->35612K(1083392K)], 0.4369888 secs] [Times: user=3.47 sys=0.00, real=0.44 secs] 
2023-05-07T18:53:59.026+0800: 120.183: [Full GC (Ergonomics) [PSYoungGen: 22015K->22015K(24576K)] [ParOldGen: 48706K->48706K(54784K)] 70722K->70722K(79360K), [Metaspace: 35612K->35612K(1083392K)], 0.4382090 secs] [Times: user=3.66 sys=0.00, real=0.44 secs] 
2023-05-07T18:53:59.464+0800: 120.622: [Full GC (Ergonomics) [PSYoungGen: 22015K->22015K(24576K)] [ParOldGen: 48708K->48708K(54784K)] 70724K->70724K(79360K), [Metaspace: 35612K->35612K(1083392K)], 0.4808861 secs] [Times: user=3.98 sys=0.01, real=0.48 secs] 
2023-05-07T18:53:59.946+0800: 121.103: [Full GC (Ergonomics) [PSYoungGen: 22015K->22015K(24576K)] [ParOldGen: 48710K->48710K(54784K)] 70726K->70726K(79360K), [Metaspace: 35612K->35612K(1083392K)], 0.5100879 secs] [Times: user=3.88 sys=0.00, real=0.51 secs] 
2023-05-07T18:54:00.456+0800: 121.613: [Full GC (Ergonomics) [PSYoungGen: 22015K->22015K(24576K)] [ParOldGen: 48712K->48712K(54784K)] 70728K->70728K(79360K), [Metaspace: 35612K->35612K(1083392K)], 0.5054121 secs] [Times: user=3.77 sys=0.03, real=0.50 secs] 
2023-05-07T18:54:00.962+0800: 122.119: [Full GC (Ergonomics) [PSYoungGen: 22015K->22015K(24576K)] [ParOldGen: 48714K->48713K(54784K)] 70730K->70729K(79360K), [Metaspace: 35612K->35612K(1083392K)], 0.4949104 secs] [Times: user=3.83 sys=0.00, real=0.50 secs] 
2023-05-07T18:54:01.457+0800: 122.614: [Full GC (Ergonomics) [PSYoungGen: 22015K->22015K(24576K)] [ParOldGen: 48715K->48715K(54784K)] 70731K->70731K(79360K), [Metaspace: 35612K->35612K(1083392K)], 0.4946519 secs] [Times: user=4.00 sys=0.00, real=0.49 secs] 
2023-05-07T18:54:01.952+0800: 123.109: [Full GC (Ergonomics) [PSYoungGen: 22015K->22015K(24576K)] [ParOldGen: 48717K->48717K(54784K)] 70733K->70733K(79360K), [Metaspace: 35612K->35612K(1083392K)], 0.5003700 secs] [Times: user=3.89 sys=0.00, real=0.50 secs] 
2023-05-07T18:54:02.453+0800: 123.610: [Full GC (Ergonomics) [PSYoungGen: 22015K->22015K(24576K)] [ParOldGen: 48719K->48719K(54784K)] 70735K->70735K(79360K), [Metaspace: 35612K->35612K(1083392K)], 0.4562852 secs] [Times: user=3.50 sys=0.00, real=0.46 secs] 
2023-05-07T18:54:02.909+0800: 124.066: [Full GC (Ergonomics) [PSYoungGen: 22015K->22015K(24576K)] [ParOldGen: 48721K->48721K(54784K)] 70737K->70737K(79360K), [Metaspace: 35612K->35612K(1083392K)], 0.4384975 secs] [Times: user=3.30 sys=0.00, real=0.44 secs] 
2023-05-07T18:54:03.348+0800: 124.505: [Full GC (Ergonomics) [PSYoungGen: 22015K->22015K(24576K)] [ParOldGen: 48723K->48723K(54784K)] 70739K->70739K(79360K), [Metaspace: 35612K->35612K(1083392K)], 0.4527971 secs] [Times: user=3.42 sys=0.00, real=0.45 secs] 
2023-05-07T18:54:03.801+0800: 124.958: [Full GC (Ergonomics) [PSYoungGen: 22015K->22015K(24576K)] [ParOldGen: 48725K->48725K(54784K)] 70741K->70741K(79360K), [Metaspace: 35612K->35612K(1083392K)], 0.4986817 secs] [Times: user=3.94 sys=0.00, real=0.50 secs] 
2023-05-07T18:54:04.300+0800: 125.457: [Full GC (Ergonomics) [PSYoungGen: 22015K->22015K(24576K)] [ParOldGen: 48727K->48727K(54784K)] 70743K->70743K(79360K), [Metaspace: 35612K->35612K(1083392K)], 0.4958930 secs] [Times: user=3.94 sys=0.00, real=0.50 secs] 
2023-05-07T18:54:04.796+0800: 125.953: [Full GC (Ergonomics) [PSYoungGen: 22015K->22015K(24576K)] [ParOldGen: 48729K->48729K(54784K)] 70745K->70745K(79360K), [Metaspace: 35612K->35612K(1083392K)], 0.5018231 secs] [Times: user=3.92 sys=0.00, real=0.50 secs] 
2023-05-07T18:54:05.298+0800: 126.455: [Full GC (Ergonomics) [PSYoungGen: 22015K->22015K(24576K)] [ParOldGen: 48731K->48731K(54784K)] 70747K->70747K(79360K), [Metaspace: 35612K->35612K(1083392K)], 0.4947307 secs] [Times: user=4.22 sys=0.00, real=0.49 secs] 
2023-05-07T18:54:05.793+0800: 126.950: [Full GC (Ergonomics) [PSYoungGen: 22015K->22015K(24576K)] [ParOldGen: 48733K->48733K(54784K)] 70749K->70749K(79360K), [Metaspace: 35612K->35612K(1083392K)], 0.4920203 secs] [Times: user=4.05 sys=0.00, real=0.49 secs] 
2023-05-07T18:54:06.285+0800: 127.443: [Full GC (Ergonomics) [PSYoungGen: 22015K->22015K(24576K)] [ParOldGen: 48735K->48735K(54784K)] 70751K->70751K(79360K), [Metaspace: 35612K->35612K(1083392K)], 0.4937268 secs] [Times: user=3.97 sys=0.00, real=0.49 secs] 
2023-05-07T18:54:06.780+0800: 127.936: [Full GC (Ergonomics) [PSYoungGen: 22015K->22015K(24576K)] [ParOldGen: 48737K->48737K(54784K)] 70753K->70753K(79360K), [Metaspace: 35612K->35612K(1083392K)], 0.4923215 secs] [Times: user=4.06 sys=0.00, real=0.49 secs] 
2023-05-07T18:54:07.272+0800: 128.429: [Full GC (Ergonomics) [PSYoungGen: 22015K->22015K(24576K)] [ParOldGen: 48739K->48739K(54784K)] 70755K->70755K(79360K), [Metaspace: 35612K->35612K(1083392K)], 0.4909243 secs] [Times: user=3.94 sys=0.00, real=0.49 secs] 
2023-05-07T18:54:07.763+0800: 128.920: [Full GC (Ergonomics) [PSYoungGen: 22015K->22015K(24576K)] [ParOldGen: 48741K->48741K(54784K)] 70757K->70757K(79360K), [Metaspace: 35612K->35612K(1083392K)], 0.4925412 secs] [Times: user=4.03 sys=0.00, real=0.49 secs] 
2023-05-07T18:54:08.256+0800: 129.413: [Full GC (Ergonomics) [PSYoungGen: 22015K->22015K(24576K)] [ParOldGen: 48743K->48743K(54784K)] 70759K->70759K(79360K), [Metaspace: 35612K->35612K(1083392K)], 0.4936179 secs] [Times: user=4.03 sys=0.00, real=0.49 secs] 
2023-05-07T18:54:08.750+0800: 129.907: [Full GC (Ergonomics) [PSYoungGen: 22015K->22015K(24576K)] [ParOldGen: 48745K->48745K(54784K)] 70761K->70761K(79360K), [Metaspace: 35612K->35612K(1083392K)], 0.4939180 secs] [Times: user=4.20 sys=0.00, real=0.49 secs] 
2023-05-07T18:54:09.244+0800: 130.401: [Full GC (Ergonomics) [PSYoungGen: 22015K->22015K(24576K)] [ParOldGen: 48747K->48747K(54784K)] 70763K->70763K(79360K), [Metaspace: 35612K->35612K(1083392K)], 0.4964062 secs] [Times: user=4.00 sys=0.00, real=0.50 secs] 
2023-05-07T18:54:09.740+0800: 130.898: [Full GC (Ergonomics) [PSYoungGen: 22015K->22015K(24576K)] [ParOldGen: 48749K->48749K(54784K)] 70765K->70765K(79360K), [Metaspace: 35612K->35612K(1083392K)], 0.4989798 secs] [Times: user=3.97 sys=0.00, real=0.50 secs] 
2023-05-07T18:54:10.240+0800: 131.397: [Full GC (Ergonomics) [PSYoungGen: 22015K->22015K(24576K)] [ParOldGen: 48751K->48751K(54784K)] 70767K->70767K(79360K), [Metaspace: 35612K->35612K(1083392K)], 0.4993221 secs] [Times: user=3.95 sys=0.00, real=0.50 secs] 
2023-05-07T18:54:10.740+0800: 131.897: [Full GC (Ergonomics) [PSYoungGen: 22015K->22015K(24576K)] [ParOldGen: 48753K->48753K(54784K)] 70769K->70769K(79360K), [Metaspace: 35612K->35612K(1083392K)], 0.4892586 secs] [Times: user=4.00 sys=0.00, real=0.49 secs] 
2023-05-07T18:54:11.229+0800: 132.386: [Full GC (Ergonomics) [PSYoungGen: 22015K->22015K(24576K)] [ParOldGen: 48755K->48755K(54784K)] 70771K->70771K(79360K), [Metaspace: 35612K->35612K(1083392K)], 0.4429602 secs] [Times: user=3.44 sys=0.00, real=0.44 secs] 
2023-05-07T18:54:11.673+0800: 132.830: [Full GC (Ergonomics) [PSYoungGen: 22015K->22015K(24576K)] [ParOldGen: 48757K->48757K(54784K)] 70773K->70773K(79360K), [Metaspace: 35612K->35612K(1083392K)], 0.4320381 secs] [Times: user=3.36 sys=0.00, real=0.43 secs] 
2023-05-07T18:54:12.105+0800: 133.262: [Full GC (Ergonomics) [PSYoungGen: 22015K->22015K(24576K)] [ParOldGen: 48759K->48759K(54784K)] 70775K->70775K(79360K), [Metaspace: 35612K->35612K(1083392K)], 0.4611457 secs] [Times: user=3.47 sys=0.02, real=0.46 secs] 
2023-05-07T18:54:12.566+0800: 133.723: [Full GC (Ergonomics) [PSYoungGen: 22015K->22015K(24576K)] [ParOldGen: 48761K->48761K(54784K)] 70777K->70776K(79360K), [Metaspace: 35612K->35612K(1083392K)], 0.5069304 secs] [Times: user=4.11 sys=0.00, real=0.51 secs] 
2023-05-07T18:54:13.074+0800: 134.231: [Full GC (Ergonomics) [PSYoungGen: 22015K->22015K(24576K)] [ParOldGen: 48763K->48763K(54784K)] 70778K->70778K(79360K), [Metaspace: 35612K->35612K(1083392K)], 0.5012138 secs] [Times: user=4.24 sys=0.00, real=0.50 secs] 
2023-05-07T18:54:13.574+0800: 134.732: [Full GC (Ergonomics) [PSYoungGen: 22015K->22015K(24576K)] [ParOldGen: 48764K->48764K(54784K)] 70780K->70780K(79360K), [Metaspace: 35612K->35612K(1083392K)], 0.4419589 secs] [Times: user=3.48 sys=0.00, real=0.44 secs] 
2023-05-07T18:54:14.017+0800: 135.174: [Full GC (Ergonomics) [PSYoungGen: 22015K->22015K(24576K)] [ParOldGen: 48766K->48766K(54784K)] 70782K->70782K(79360K), [Metaspace: 35612K->35612K(1083392K)], 0.4448337 secs] [Times: user=3.64 sys=0.00, real=0.44 secs] 
2023-05-07T18:54:14.462+0800: 135.619: [Full GC (Ergonomics) [PSYoungGen: 22015K->22015K(24576K)] [ParOldGen: 48768K->48768K(54784K)] 70784K->70784K(79360K), [Metaspace: 35612K->35612K(1083392K)], 0.4465330 secs] [Times: user=3.28 sys=0.00, real=0.45 secs] 
2023-05-07T18:54:14.909+0800: 136.066: [Full GC (Ergonomics) [PSYoungGen: 22015K->22015K(24576K)] [ParOldGen: 48770K->48770K(54784K)] 70786K->70786K(79360K), [Metaspace: 35612K->35612K(1083392K)], 0.4947058 secs] [Times: user=3.81 sys=0.00, real=0.50 secs] 
2023-05-07T18:54:15.404+0800: 136.561: [Full GC (Ergonomics) [PSYoungGen: 22015K->22015K(24576K)] [ParOldGen: 48772K->48772K(54784K)] 70788K->70788K(79360K), [Metaspace: 35612K->35612K(1083392K)], 0.4921576 secs] [Times: user=4.08 sys=0.02, real=0.49 secs] 
2023-05-07T18:54:15.897+0800: 137.054: [Full GC (Ergonomics) [PSYoungGen: 22015K->22015K(24576K)] [ParOldGen: 48774K->48774K(54784K)] 70790K->70790K(79360K), [Metaspace: 35612K->35612K(1083392K)], 0.5004343 secs] [Times: user=3.77 sys=0.00, real=0.50 secs] 
2023-05-07T18:54:16.397+0800: 137.554: [Full GC (Ergonomics) [PSYoungGen: 22015K->22015K(24576K)] [ParOldGen: 48776K->48776K(54784K)] 70792K->70792K(79360K), [Metaspace: 35612K->35612K(1083392K)], 0.5191413 secs] [Times: user=4.73 sys=0.02, real=0.52 secs] 
2023-05-07T18:54:16.917+0800: 138.074: [Full GC (Ergonomics) [PSYoungGen: 22015K->22015K(24576K)] [ParOldGen: 48778K->48778K(54784K)] 70794K->70794K(79360K), [Metaspace: 35612K->35612K(1083392K)], 0.4957317 secs] [Times: user=4.02 sys=0.00, real=0.49 secs] 
2023-05-07T18:54:17.413+0800: 138.570: [Full GC (Ergonomics) [PSYoungGen: 22015K->22015K(24576K)] [ParOldGen: 48780K->48780K(54784K)] 70796K->70796K(79360K), [Metaspace: 35612K->35612K(1083392K)], 0.4574570 secs] [Times: user=3.56 sys=0.00, real=0.46 secs] 
2023-05-07T18:54:17.870+0800: 139.027: [Full GC (Ergonomics) [PSYoungGen: 22015K->22015K(24576K)] [ParOldGen: 48782K->48782K(54784K)] 70798K->70798K(79360K), [Metaspace: 35612K->35612K(1083392K)], 0.4375983 secs] [Times: user=3.34 sys=0.00, real=0.44 secs] 
2023-05-07T18:54:18.308+0800: 139.465: [Full GC (Ergonomics) [PSYoungGen: 22015K->22015K(24576K)] [ParOldGen: 48785K->48784K(54784K)] 70801K->70800K(79360K), [Metaspace: 35612K->35612K(1083392K)], 0.4338196 secs] [Times: user=3.19 sys=0.00, real=0.43 secs] 
2023-05-07T18:54:18.742+0800: 139.899: [Full GC (Ergonomics) 